******************************************************************************
                  TI ARM Linker PC v20.2.3                     
******************************************************************************
>> Linked Sat Dec  5 10:56:40 2020

OUTPUT FILE NAME:   <Final team 1.out>
ENTRY POINT SYMBOL: "_c_int00_noargs"  address: 000026cd


MEMORY CONFIGURATION

         name            origin    length      used     unused   attr    fill
----------------------  --------  ---------  --------  --------  ----  --------
  MAIN                  00000000   00040000  0000293d  0003d6c3  R  X
  INFO                  00200000   00004000  00000000  00004000  R  X
  SRAM_CODE             01000000   00010000  0000021c  0000fde4  RW X
  SRAM_DATA             20000000   00010000  0000021c  0000fde4  RW  


SEGMENT ALLOCATION MAP

run origin  load origin   length   init length attrs members
----------  ----------- ---------- ----------- ----- -------
00000000    00000000    00002940   00002940    r-x
  00000000    00000000    000000e4   000000e4    r-- .intvecs
  000000e4    000000e4    00002728   00002728    r-x .text
  0000280c    0000280c    00000101   00000101    r-- .const
  00002910    00002910    00000030   00000030    r-- .cinit
20000000    20000000    0000001c   00000000    rw-
  20000000    20000000    00000014   00000000    rw- .data
  20000014    20000014    00000008   00000000    rw- .bss
2000fe00    2000fe00    00000200   00000000    rw-
  2000fe00    2000fe00    00000200   00000000    rw- .stack


SECTION ALLOCATION MAP

 output                                  attributes/
section   page    origin      length       input sections
--------  ----  ----------  ----------   ----------------
.intvecs   0    00000000    000000e4     
                  00000000    000000e4     startup_msp432p401r_ccs.obj (.intvecs:retain)

.text      0    000000e4    00002728     
                  000000e4    00000a4e     rtsv7M4_T_le_v4SPD16_eabi.lib : _printfi.c.obj (.text:__TI_printfi)
                  00000b32    00000002                                   : div0.asm.obj (.text)
                  00000b34    00000334     system_msp432p401r.obj (.text)
                  00000e68    00000270     rtsv7M4_T_le_v4SPD16_eabi.lib : _printfi.c.obj (.text:_pconv_a)
                  000010d8    000001d0                                   : _printfi.c.obj (.text:_pconv_g)
                  000012a8    000001b6                                   : fd_add_t2.asm.obj (.text)
                  0000145e    00000002     --HOLE-- [fill = 0]
                  00001460    00000168     potentiometer.obj (.text)
                  000015c8    0000015c     main.obj (.text)
                  00001724    0000013c     rtsv7M4_T_le_v4SPD16_eabi.lib : _printfi.c.obj (.text:_pconv_e)
                  00001860    00000136                                   : fd_div_t2.asm.obj (.text)
                  00001996    00000002     --HOLE-- [fill = 0]
                  00001998    00000124                                   : _printfi.c.obj (.text:fcvt)
                  00001abc    00000110                                   : s_scalbn.c.obj (.text:scalbn)
                  00001bcc    000000fc                                   : fd_mul_t2.asm.obj (.text)
                  00001cc8    000000ec     US.obj (.text)
                  00001db4    000000e0     GPIO.obj (.text)
                  00001e94    000000c8     UART.obj (.text)
                  00001f5c    000000b1     rtsv7M4_T_le_v4SPD16_eabi.lib : _printfi.c.obj (.text:_ltostr)
                  0000200d    00000001     --HOLE-- [fill = 0]
                  0000200e    0000009c                                   : memcpy_t2.asm.obj (.text)
                  000020aa    00000096                                   : ull_div_t2.asm.obj (.text)
                  00002140    00000086                                   : fd_cmp_t2.asm.obj (.text:__aeabi_cdcmple)
                  000021c6    00000086                                   : fd_cmp_t2.asm.obj (.text:__aeabi_cdrcmple)
                  0000224c    0000007a                                   : memset_t2.asm.obj (.text)
                  000022c6    00000002     --HOLE-- [fill = 0]
                  000022c8    00000074     TimerA1.obj (.text)
                  0000233c    0000006e     rtsv7M4_T_le_v4SPD16_eabi.lib : _printfi.c.obj (.text:_mcpy)
                  000023aa    00000068                                   : copy_decompress_lzss.c.obj (.text:decompress:lzss:__TI_decompress_lzss)
                  00002412    00000002     --HOLE-- [fill = 0]
                  00002414    00000064                                   : s_frexp.c.obj (.text:frexp)
                  00002478    00000056                                   : _printfi.c.obj (.text:_pconv_f)
                  000024ce    00000054                                   : _ltoa.c.obj (.text:__TI_ltoa)
                  00002522    00000052                                   : _printfi.c.obj (.text:_ecpy)
                  00002574    0000004c                                   : atoi.c.obj (.text:atoi)
                  000025c0    00000048                                   : fd_toi_t2.asm.obj (.text)
                  00002608    00000044                                   : autoinit.c.obj (.text:__TI_auto_init_nobinit_nopinit:__TI_auto_init_nobinit_nopinit)
                  0000264c    00000040                                   : sprintf.c.obj (.text:sprintf)
                  0000268c    0000003e                                   : _printfi.c.obj (.text:_fcpy)
                  000026ca    00000002     --HOLE-- [fill = 0]
                  000026cc    00000034                                   : boot_cortex_m.c.obj (.text:_c_int00_noargs:_c_int00_noargs)
                  00002700    0000002e                                   : i_tofd_t2.asm.obj (.text)
                  0000272e    0000001c                                   : copy_zero_init.c.obj (.text:decompress:ZI:__TI_zero_init_nomemset:__TI_zero_init_nomemset)
                  0000274a    0000001c                                   : memccpy.c.obj (.text:memccpy)
                  00002766    0000001a                                   : s_copysign.c.obj (.text:copysign)
                  00002780    00000018                                   : sprintf.c.obj (.text:_outs)
                  00002798    00000016                                   : strchr.c.obj (.text:strchr)
                  000027ae    00000014                                   : strlen.c.obj (.text:strlen)
                  000027c2    00000012                                   : wcslen.c.obj (.text:wcslen)
                  000027d4    0000000e                                   : copy_decompress_none.c.obj (.text:decompress:none:__TI_decompress_none)
                  000027e2    0000000e     startup_msp432p401r_ccs.obj (.text)
                  000027f0    0000000a     rtsv7M4_T_le_v4SPD16_eabi.lib : sprintf.c.obj (.text:_outc)
                  000027fa    00000002     --HOLE-- [fill = 0]
                  000027fc    00000008                                   : errno.c.obj (.text:__aeabi_errno_addr)
                  00002804    00000004                                   : pre_init.c.obj (.text:_system_pre_init)
                  00002808    00000004                                   : exit.c.obj (.text:abort:abort)

.const     0    0000280c    00000101     
                  0000280c    00000101     rtsv7M4_T_le_v4SPD16_eabi.lib : ctype.c.obj (.const:.string:_ctypes_)

.cinit     0    00002910    00000030     
                  00002910    0000000c     (__TI_handler_table)
                  0000291c    0000000b     (.cinit..data.load) [load image, compression = lzss]
                  00002927    00000001     --HOLE-- [fill = 0]
                  00002928    00000008     (.cinit..bss.load) [load image, compression = zero_init]
                  00002930    00000010     (__TI_cinit_table)

.init_array 
*          0    00000000    00000000     UNINITIALIZED

.binit     0    00000000    00000000     

.data      0    20000000    00000014     UNINITIALIZED
                  20000000    0000000c     main.obj (.data)
                  2000000c    00000004     rtsv7M4_T_le_v4SPD16_eabi.lib : errno.c.obj (.data)
                  20000010    00000004     system_msp432p401r.obj (.data)

.bss       0    20000014    00000008     UNINITIALIZED
                  20000014    00000004     (.common:p_distance)
                  20000018    00000004     (.common:state)

.stack     0    2000fe00    00000200     UNINITIALIZED
                  2000fe00    00000004     rtsv7M4_T_le_v4SPD16_eabi.lib : boot_cortex_m.c.obj (.stack)
                  2000fe04    000001fc     --HOLE--

__llvm_prf_cnts 
*          0    20000000    00000000     UNINITIALIZED

MODULE SUMMARY

       Module                        code    ro data   rw data
       ------                        ----    -------   -------
    .\
       system_msp432p401r.obj        820     0         8      
       main.obj                      348     0         40     
       potentiometer.obj             360     0         0      
       startup_msp432p401r_ccs.obj   14      228       0      
       US.obj                        236     0         0      
       GPIO.obj                      224     0         0      
       UART.obj                      200     0         0      
       TimerA1.obj                   116     0         0      
    +--+-----------------------------+-------+---------+---------+
       Total:                        2318    228       48     
                                                              
    C:\ti\ccs1010\ccs\tools\compiler\ti-cgt-arm_20.2.3.LTS\lib\rtsv7M4_T_le_v4SPD16_eabi.lib
       _printfi.c.obj                4851    0         0      
       fd_add_t2.asm.obj             438     0         0      
       fd_div_t2.asm.obj             310     0         0      
       s_scalbn.c.obj                272     0         0      
       fd_cmp_t2.asm.obj             268     0         0      
       ctype.c.obj                   0       257       0      
       fd_mul_t2.asm.obj             252     0         0      
       memcpy_t2.asm.obj             156     0         0      
       ull_div_t2.asm.obj            150     0         0      
       memset_t2.asm.obj             122     0         0      
       copy_decompress_lzss.c.obj    104     0         0      
       s_frexp.c.obj                 100     0         0      
       sprintf.c.obj                 98      0         0      
       _ltoa.c.obj                   84      0         0      
       atoi.c.obj                    76      0         0      
       fd_toi_t2.asm.obj             72      0         0      
       autoinit.c.obj                68      0         0      
       boot_cortex_m.c.obj           52      0         0      
       i_tofd_t2.asm.obj             46      0         0      
       copy_zero_init.c.obj          28      0         0      
       memccpy.c.obj                 28      0         0      
       s_copysign.c.obj              26      0         0      
       strchr.c.obj                  22      0         0      
       strlen.c.obj                  20      0         0      
       wcslen.c.obj                  18      0         0      
       errno.c.obj                   8       0         8      
       copy_decompress_none.c.obj    14      0         0      
       exit.c.obj                    4       0         0      
       pre_init.c.obj                4       0         0      
       div0.asm.obj                  2       0         0      
    +--+-----------------------------+-------+---------+---------+
       Total:                        7693    257       8      
                                                              
       Stack:                        0       0         1024   
       Linker Generated:             0       47        0      
    +--+-----------------------------+-------+---------+---------+
       Grand Total:                  10011   532       1080   


LINKER GENERATED COPY TABLES

__TI_cinit_table @ 00002930 records: 2, size/record: 8, table size: 16
	.data: load addr=0000291c, load size=0000000b bytes, run addr=20000000, run size=00000014 bytes, compression=lzss
	.bss: load addr=00002928, load size=00000008 bytes, run addr=20000014, run size=00000008 bytes, compression=zero_init


LINKER GENERATED HANDLER TABLE

__TI_handler_table @ 00002910 records: 3, size/record: 4, table size: 12
	index: 0, handler: __TI_decompress_lzss
	index: 1, handler: __TI_decompress_none
	index: 2, handler: __TI_zero_init


GLOBAL SYMBOLS: SORTED ALPHABETICALLY BY Name 

address   name                          
-------   ----                          
00001547  ADC14_IRQHandler              
00001547  ADC14_IRQHandler              
00001531  ADC_NVIC_setup                
0000148d  ADC_config2                   
0000153b  ADC_run                       
000027ef  AES256_IRQHandler             
000027ef  BusFault_Handler              
00002809  C$$EXIT                       
000027ef  COMP_E0_IRQHandler            
000027ef  COMP_E1_IRQHandler            
000027ef  CS_IRQHandler                 
000027ef  DMA_ERR_IRQHandler            
000027ef  DMA_INT0_IRQHandler           
000027ef  DMA_INT1_IRQHandler           
000027ef  DMA_INT2_IRQHandler           
000027ef  DMA_INT3_IRQHandler           
000027ef  DebugMon_Handler              
000027ef  Default_Handler               
000027ef  EUSCIA0_IRQHandler            
000027ef  EUSCIA1_IRQHandler            
000027ef  EUSCIA2_IRQHandler            
000027ef  EUSCIA3_IRQHandler            
000027ef  EUSCIB0_IRQHandler            
000027ef  EUSCIB1_IRQHandler            
000027ef  EUSCIB2_IRQHandler            
000027ef  EUSCIB3_IRQHandler            
000027ef  FLCTL_IRQHandler              
000027ef  FPU_IRQHandler                
000014cb  GPIO_ADC_config1              
000027ef  HardFault_Handler             
000027ef  MemManage_Handler             
000027ef  NMI_Handler                   
000027ef  PCM_IRQHandler                
000027ef  PORT1_IRQHandler              
000027ef  PORT2_IRQHandler              
000027ef  PORT3_IRQHandler              
000027ef  PORT4_IRQHandler              
00001d45  PORT5_IRQHandler              
00001d45  PORT5_IRQHandler              
000027ef  PORT6_IRQHandler              
000027ef  PSS_IRQHandler                
000027ef  PendSV_Handler                
000027ef  RTC_C_IRQHandler              
000027e3  Reset_Handler                 
000027ef  SVC_Handler                   
000027ef  SysTick_Handler               
20000010  SystemCoreClock               
00000b35  SystemCoreClockUpdate         
00000dad  SystemInit                    
000027ef  T32_INT1_IRQHandler           
000027ef  T32_INT2_IRQHandler           
000027ef  T32_INTC_IRQHandler           
000027ef  TA0_0_IRQHandler              
000027ef  TA0_N_IRQHandler              
00002315  TA1_0_IRQHandler              
00002315  TA1_0_IRQHandler              
000027ef  TA1_N_IRQHandler              
000027ef  TA2_0_IRQHandler              
000027ef  TA2_N_IRQHandler              
000027ef  TA3_0_IRQHandler              
000027ef  TA3_N_IRQHandler              
00001d15  US_echo                       
00001ced  US_trigger                    
000027ef  UsageFault_Handler            
4000480c  WDTCTL_SYM                    
000027ef  WDT_A_IRQHandler              
20010000  __STACK_END                   
00000200  __STACK_SIZE                  
00002930  __TI_CINIT_Base               
00002940  __TI_CINIT_Limit              
00002910  __TI_Handler_Table_Base       
0000291c  __TI_Handler_Table_Limit      
00002609  __TI_auto_init_nobinit_nopinit
000023ab  __TI_decompress_lzss          
000027d5  __TI_decompress_none          
000024cf  __TI_ltoa                     
ffffffff  __TI_pprof_out_hndl           
000000e5  __TI_printfi                  
ffffffff  __TI_prof_data_size           
ffffffff  __TI_prof_data_start          
00000000  __TI_static_base__            
0000272f  __TI_zero_init_nomemset       
00002141  __aeabi_cdcmpeq               
00002141  __aeabi_cdcmple               
000021c7  __aeabi_cdrcmple              
000025c1  __aeabi_d2iz                  
000012b3  __aeabi_dadd                  
00001861  __aeabi_ddiv                  
00001bcd  __aeabi_dmul                  
000012a9  __aeabi_dsub                  
000027fd  __aeabi_errno_addr            
00002701  __aeabi_i2d                   
00000b33  __aeabi_idiv0                 
00000b33  __aeabi_ldiv0                 
0000224d  __aeabi_memclr                
0000224d  __aeabi_memclr4               
0000224d  __aeabi_memclr8               
0000200f  __aeabi_memcpy                
0000200f  __aeabi_memcpy4               
0000200f  __aeabi_memcpy8               
0000224f  __aeabi_memset                
0000224f  __aeabi_memset4               
0000224f  __aeabi_memset8               
000020ab  __aeabi_uldivmod              
ffffffff  __binit__                     
ffffffff  __c_args__                    
UNDEFED   __mpu_init                    
2000fe00  __stack                       
20000000  __start___llvm_prf_cnts       
20000000  __stop___llvm_prf_cnts        
000026cd  _c_int00_noargs               
0000280c  _ctypes_                      
UNDEFED   _system_post_cinit            
00002805  _system_pre_init              
00002809  abort                         
00002575  atoi                          
ffffffff  binit                         
00001de1  config_GPIO                   
000022f5  config_TA1                    
00001e95  config_UART                   
00002767  copysign                      
00002767  copysignl                     
20000004  distance                      
2000000c  errno                         
00002415  frexp                         
00002415  frexpl                        
00001e59  gpio_interrput                
00000000  interruptVectors              
00001abd  ldexp                         
00001abd  ldexpl                        
000015ed  main                          
0000274b  memccpy                       
0000200f  memcpy                        
00002255  memset                        
20000000  miliseconds                   
20000014  p_distance                    
00001abd  scalbn                        
00001abd  scalbnl                       
20000008  sensor                        
0000264d  sprintf                       
20000018  state                         
00002799  strchr                        
000027af  strlen                        
00001ef5  uart_out                      
000027c3  wcslen                        


GLOBAL SYMBOLS: SORTED BY Symbol Address 

address   name                          
-------   ----                          
00000000  __TI_static_base__            
00000000  interruptVectors              
000000e5  __TI_printfi                  
00000200  __STACK_SIZE                  
00000b33  __aeabi_idiv0                 
00000b33  __aeabi_ldiv0                 
00000b35  SystemCoreClockUpdate         
00000dad  SystemInit                    
000012a9  __aeabi_dsub                  
000012b3  __aeabi_dadd                  
0000148d  ADC_config2                   
000014cb  GPIO_ADC_config1              
00001531  ADC_NVIC_setup                
0000153b  ADC_run                       
00001547  ADC14_IRQHandler              
00001547  ADC14_IRQHandler              
000015ed  main                          
00001861  __aeabi_ddiv                  
00001abd  ldexp                         
00001abd  ldexpl                        
00001abd  scalbn                        
00001abd  scalbnl                       
00001bcd  __aeabi_dmul                  
00001ced  US_trigger                    
00001d15  US_echo                       
00001d45  PORT5_IRQHandler              
00001d45  PORT5_IRQHandler              
00001de1  config_GPIO                   
00001e59  gpio_interrput                
00001e95  config_UART                   
00001ef5  uart_out                      
0000200f  __aeabi_memcpy                
0000200f  __aeabi_memcpy4               
0000200f  __aeabi_memcpy8               
0000200f  memcpy                        
000020ab  __aeabi_uldivmod              
00002141  __aeabi_cdcmpeq               
00002141  __aeabi_cdcmple               
000021c7  __aeabi_cdrcmple              
0000224d  __aeabi_memclr                
0000224d  __aeabi_memclr4               
0000224d  __aeabi_memclr8               
0000224f  __aeabi_memset                
0000224f  __aeabi_memset4               
0000224f  __aeabi_memset8               
00002255  memset                        
000022f5  config_TA1                    
00002315  TA1_0_IRQHandler              
00002315  TA1_0_IRQHandler              
000023ab  __TI_decompress_lzss          
00002415  frexp                         
00002415  frexpl                        
000024cf  __TI_ltoa                     
00002575  atoi                          
000025c1  __aeabi_d2iz                  
00002609  __TI_auto_init_nobinit_nopinit
0000264d  sprintf                       
000026cd  _c_int00_noargs               
00002701  __aeabi_i2d                   
0000272f  __TI_zero_init_nomemset       
0000274b  memccpy                       
00002767  copysign                      
00002767  copysignl                     
00002799  strchr                        
000027af  strlen                        
000027c3  wcslen                        
000027d5  __TI_decompress_none          
000027e3  Reset_Handler                 
000027ef  AES256_IRQHandler             
000027ef  BusFault_Handler              
000027ef  COMP_E0_IRQHandler            
000027ef  COMP_E1_IRQHandler            
000027ef  CS_IRQHandler                 
000027ef  DMA_ERR_IRQHandler            
000027ef  DMA_INT0_IRQHandler           
000027ef  DMA_INT1_IRQHandler           
000027ef  DMA_INT2_IRQHandler           
000027ef  DMA_INT3_IRQHandler           
000027ef  DebugMon_Handler              
000027ef  Default_Handler               
000027ef  EUSCIA0_IRQHandler            
000027ef  EUSCIA1_IRQHandler            
000027ef  EUSCIA2_IRQHandler            
000027ef  EUSCIA3_IRQHandler            
000027ef  EUSCIB0_IRQHandler            
000027ef  EUSCIB1_IRQHandler            
000027ef  EUSCIB2_IRQHandler            
000027ef  EUSCIB3_IRQHandler            
000027ef  FLCTL_IRQHandler              
000027ef  FPU_IRQHandler                
000027ef  HardFault_Handler             
000027ef  MemManage_Handler             
000027ef  NMI_Handler                   
000027ef  PCM_IRQHandler                
000027ef  PORT1_IRQHandler              
000027ef  PORT2_IRQHandler              
000027ef  PORT3_IRQHandler              
000027ef  PORT4_IRQHandler              
000027ef  PORT6_IRQHandler              
000027ef  PSS_IRQHandler                
000027ef  PendSV_Handler                
000027ef  RTC_C_IRQHandler              
000027ef  SVC_Handler                   
000027ef  SysTick_Handler               
000027ef  T32_INT1_IRQHandler           
000027ef  T32_INT2_IRQHandler           
000027ef  T32_INTC_IRQHandler           
000027ef  TA0_0_IRQHandler              
000027ef  TA0_N_IRQHandler              
000027ef  TA1_N_IRQHandler              
000027ef  TA2_0_IRQHandler              
000027ef  TA2_N_IRQHandler              
000027ef  TA3_0_IRQHandler              
000027ef  TA3_N_IRQHandler              
000027ef  UsageFault_Handler            
000027ef  WDT_A_IRQHandler              
000027fd  __aeabi_errno_addr            
00002805  _system_pre_init              
00002809  C$$EXIT                       
00002809  abort                         
0000280c  _ctypes_                      
00002910  __TI_Handler_Table_Base       
0000291c  __TI_Handler_Table_Limit      
00002930  __TI_CINIT_Base               
00002940  __TI_CINIT_Limit              
20000000  __start___llvm_prf_cnts       
20000000  __stop___llvm_prf_cnts        
20000000  miliseconds                   
20000004  distance                      
20000008  sensor                        
2000000c  errno                         
20000010  SystemCoreClock               
20000014  p_distance                    
20000018  state                         
2000fe00  __stack                       
20010000  __STACK_END                   
4000480c  WDTCTL_SYM                    
ffffffff  __TI_pprof_out_hndl           
ffffffff  __TI_prof_data_size           
ffffffff  __TI_prof_data_start          
ffffffff  __binit__                     
ffffffff  __c_args__                    
ffffffff  binit                         
UNDEFED   __mpu_init                    
UNDEFED   _system_post_cinit            

[145 symbols]
