******************************************************************************
                  TI ARM Linker PC v20.2.3                     
******************************************************************************
>> Linked Wed Nov 18 12:10:09 2020

OUTPUT FILE NAME:   <Final Full implementation - Team1.out>
ENTRY POINT SYMBOL: "_c_int00_noargs"  address: 00002691


MEMORY CONFIGURATION

         name            origin    length      used     unused   attr    fill
----------------------  --------  ---------  --------  --------  ----  --------
  MAIN                  00000000   00040000  00002901  0003d6ff  R  X
  INFO                  00200000   00004000  00000000  00004000  R  X
  SRAM_CODE             01000000   00010000  0000021c  0000fde4  RW X
  SRAM_DATA             20000000   00010000  0000021c  0000fde4  RW  


SEGMENT ALLOCATION MAP

run origin  load origin   length   init length attrs members
----------  ----------- ---------- ----------- ----- -------
00000000    00000000    00002908   00002908    r-x
  00000000    00000000    000000e4   000000e4    r-- .intvecs
  000000e4    000000e4    000026ec   000026ec    r-x .text
  000027d0    000027d0    00000101   00000101    r-- .const
  000028d8    000028d8    00000030   00000030    r-- .cinit
20000000    20000000    0000001c   00000000    rw-
  20000000    20000000    00000014   00000000    rw- .data
  20000014    20000014    00000008   00000000    rw- .bss
2000fe00    2000fe00    00000200   00000000    rw-
  2000fe00    2000fe00    00000200   00000000    rw- .stack


SECTION ALLOCATION MAP

 output                                  attributes/
section   page    origin      length       input sections
--------  ----  ----------  ----------   ----------------
.intvecs   0    00000000    000000e4     
                  00000000    000000e4     startup_msp432p401r_ccs.obj (.intvecs:retain)

.text      0    000000e4    000026ec     
                  000000e4    00000a4e     rtsv7M4_T_le_v4SPD16_eabi.lib : _printfi.c.obj (.text:__TI_printfi)
                  00000b32    00000002                                   : div0.asm.obj (.text)
                  00000b34    00000334     system_msp432p401r.obj (.text)
                  00000e68    00000270     rtsv7M4_T_le_v4SPD16_eabi.lib : _printfi.c.obj (.text:_pconv_a)
                  000010d8    000001d0                                   : _printfi.c.obj (.text:_pconv_g)
                  000012a8    000001b6                                   : fd_add_t2.asm.obj (.text)
                  0000145e    00000002     --HOLE-- [fill = 0]
                  00001460    00000168     potentiometer.obj (.text)
                  000015c8    0000013c     rtsv7M4_T_le_v4SPD16_eabi.lib : _printfi.c.obj (.text:_pconv_e)
                  00001704    00000136                                   : fd_div_t2.asm.obj (.text)
                  0000183a    00000002     --HOLE-- [fill = 0]
                  0000183c    00000124                                   : _printfi.c.obj (.text:fcvt)
                  00001960    00000120     main.obj (.text)
                  00001a80    00000110     rtsv7M4_T_le_v4SPD16_eabi.lib : s_scalbn.c.obj (.text:scalbn)
                  00001b90    000000fc                                   : fd_mul_t2.asm.obj (.text)
                  00001c8c    000000ec     US.obj (.text)
                  00001d78    000000e0     GPIO.obj (.text)
                  00001e58    000000c8     UART.obj (.text)
                  00001f20    000000b1     rtsv7M4_T_le_v4SPD16_eabi.lib : _printfi.c.obj (.text:_ltostr)
                  00001fd1    00000001     --HOLE-- [fill = 0]
                  00001fd2    0000009c                                   : memcpy_t2.asm.obj (.text)
                  0000206e    00000096                                   : ull_div_t2.asm.obj (.text)
                  00002104    00000086                                   : fd_cmp_t2.asm.obj (.text:__aeabi_cdcmple)
                  0000218a    00000086                                   : fd_cmp_t2.asm.obj (.text:__aeabi_cdrcmple)
                  00002210    0000007a                                   : memset_t2.asm.obj (.text)
                  0000228a    00000002     --HOLE-- [fill = 0]
                  0000228c    00000074     TimerA1.obj (.text)
                  00002300    0000006e     rtsv7M4_T_le_v4SPD16_eabi.lib : _printfi.c.obj (.text:_mcpy)
                  0000236e    00000068                                   : copy_decompress_lzss.c.obj (.text:decompress:lzss:__TI_decompress_lzss)
                  000023d6    00000002     --HOLE-- [fill = 0]
                  000023d8    00000064                                   : s_frexp.c.obj (.text:frexp)
                  0000243c    00000056                                   : _printfi.c.obj (.text:_pconv_f)
                  00002492    00000054                                   : _ltoa.c.obj (.text:__TI_ltoa)
                  000024e6    00000052                                   : _printfi.c.obj (.text:_ecpy)
                  00002538    0000004c                                   : atoi.c.obj (.text:atoi)
                  00002584    00000048                                   : fd_toi_t2.asm.obj (.text)
                  000025cc    00000044                                   : autoinit.c.obj (.text:__TI_auto_init_nobinit_nopinit:__TI_auto_init_nobinit_nopinit)
                  00002610    00000040                                   : sprintf.c.obj (.text:sprintf)
                  00002650    0000003e                                   : _printfi.c.obj (.text:_fcpy)
                  0000268e    00000002     --HOLE-- [fill = 0]
                  00002690    00000034                                   : boot_cortex_m.c.obj (.text:_c_int00_noargs:_c_int00_noargs)
                  000026c4    0000002e                                   : i_tofd_t2.asm.obj (.text)
                  000026f2    0000001c                                   : copy_zero_init.c.obj (.text:decompress:ZI:__TI_zero_init_nomemset:__TI_zero_init_nomemset)
                  0000270e    0000001c                                   : memccpy.c.obj (.text:memccpy)
                  0000272a    0000001a                                   : s_copysign.c.obj (.text:copysign)
                  00002744    00000018                                   : sprintf.c.obj (.text:_outs)
                  0000275c    00000016                                   : strchr.c.obj (.text:strchr)
                  00002772    00000014                                   : strlen.c.obj (.text:strlen)
                  00002786    00000012                                   : wcslen.c.obj (.text:wcslen)
                  00002798    0000000e                                   : copy_decompress_none.c.obj (.text:decompress:none:__TI_decompress_none)
                  000027a6    0000000e     startup_msp432p401r_ccs.obj (.text)
                  000027b4    0000000a     rtsv7M4_T_le_v4SPD16_eabi.lib : sprintf.c.obj (.text:_outc)
                  000027be    00000002     --HOLE-- [fill = 0]
                  000027c0    00000008                                   : errno.c.obj (.text:__aeabi_errno_addr)
                  000027c8    00000004                                   : pre_init.c.obj (.text:_system_pre_init)
                  000027cc    00000004                                   : exit.c.obj (.text:abort:abort)

.const     0    000027d0    00000101     
                  000027d0    00000101     rtsv7M4_T_le_v4SPD16_eabi.lib : ctype.c.obj (.const:.string:_ctypes_)

.cinit     0    000028d8    00000030     
                  000028d8    0000000c     (__TI_handler_table)
                  000028e4    0000000b     (.cinit..data.load) [load image, compression = lzss]
                  000028ef    00000001     --HOLE-- [fill = 0]
                  000028f0    00000008     (.cinit..bss.load) [load image, compression = zero_init]
                  000028f8    00000010     (__TI_cinit_table)

.init_array 
*          0    00000000    00000000     UNINITIALIZED

.binit     0    00000000    00000000     

.data      0    20000000    00000014     UNINITIALIZED
                  20000000    0000000c     main.obj (.data)
                  2000000c    00000004     rtsv7M4_T_le_v4SPD16_eabi.lib : errno.c.obj (.data)
                  20000010    00000004     system_msp432p401r.obj (.data)

.bss       0    20000014    00000008     UNINITIALIZED
                  20000014    00000004     (.common:p_distance)
                  20000018    00000004     (.common:state)

.stack     0    2000fe00    00000200     UNINITIALIZED
                  2000fe00    00000004     rtsv7M4_T_le_v4SPD16_eabi.lib : boot_cortex_m.c.obj (.stack)
                  2000fe04    000001fc     --HOLE--

__llvm_prf_cnts 
*          0    20000000    00000000     UNINITIALIZED

MODULE SUMMARY

       Module                        code   ro data   rw data
       ------                        ----   -------   -------
    .\
       system_msp432p401r.obj        820    0         8      
       potentiometer.obj             360    0         0      
       main.obj                      288    0         40     
       startup_msp432p401r_ccs.obj   14     228       0      
       US.obj                        236    0         0      
       GPIO.obj                      224    0         0      
       UART.obj                      200    0         0      
       TimerA1.obj                   116    0         0      
    +--+-----------------------------+------+---------+---------+
       Total:                        2258   228       48     
                                                             
    C:\ti\ccs1010\ccs\tools\compiler\ti-cgt-arm_20.2.3.LTS\lib\rtsv7M4_T_le_v4SPD16_eabi.lib
       _printfi.c.obj                4851   0         0      
       fd_add_t2.asm.obj             438    0         0      
       fd_div_t2.asm.obj             310    0         0      
       s_scalbn.c.obj                272    0         0      
       fd_cmp_t2.asm.obj             268    0         0      
       ctype.c.obj                   0      257       0      
       fd_mul_t2.asm.obj             252    0         0      
       memcpy_t2.asm.obj             156    0         0      
       ull_div_t2.asm.obj            150    0         0      
       memset_t2.asm.obj             122    0         0      
       copy_decompress_lzss.c.obj    104    0         0      
       s_frexp.c.obj                 100    0         0      
       sprintf.c.obj                 98     0         0      
       _ltoa.c.obj                   84     0         0      
       atoi.c.obj                    76     0         0      
       fd_toi_t2.asm.obj             72     0         0      
       autoinit.c.obj                68     0         0      
       boot_cortex_m.c.obj           52     0         0      
       i_tofd_t2.asm.obj             46     0         0      
       copy_zero_init.c.obj          28     0         0      
       memccpy.c.obj                 28     0         0      
       s_copysign.c.obj              26     0         0      
       strchr.c.obj                  22     0         0      
       strlen.c.obj                  20     0         0      
       wcslen.c.obj                  18     0         0      
       errno.c.obj                   8      0         8      
       copy_decompress_none.c.obj    14     0         0      
       exit.c.obj                    4      0         0      
       pre_init.c.obj                4      0         0      
       div0.asm.obj                  2      0         0      
    +--+-----------------------------+------+---------+---------+
       Total:                        7693   257       8      
                                                             
       Stack:                        0      0         1024   
       Linker Generated:             0      47        0      
    +--+-----------------------------+------+---------+---------+
       Grand Total:                  9951   532       1080   


LINKER GENERATED COPY TABLES

__TI_cinit_table @ 000028f8 records: 2, size/record: 8, table size: 16
	.data: load addr=000028e4, load size=0000000b bytes, run addr=20000000, run size=00000014 bytes, compression=lzss
	.bss: load addr=000028f0, load size=00000008 bytes, run addr=20000014, run size=00000008 bytes, compression=zero_init


LINKER GENERATED HANDLER TABLE

__TI_handler_table @ 000028d8 records: 3, size/record: 4, table size: 12
	index: 0, handler: __TI_decompress_lzss
	index: 1, handler: __TI_decompress_none
	index: 2, handler: __TI_zero_init


GLOBAL SYMBOLS: SORTED ALPHABETICALLY BY Name 

address   name                          
-------   ----                          
00001547  ADC14_IRQHandler              
00001547  ADC14_IRQHandler              
00001531  ADC_NVIC_setup                
0000148d  ADC_config2                   
0000153b  ADC_run                       
000027b3  AES256_IRQHandler             
000027b3  BusFault_Handler              
000027cd  C$$EXIT                       
000027b3  COMP_E0_IRQHandler            
000027b3  COMP_E1_IRQHandler            
000027b3  CS_IRQHandler                 
000027b3  DMA_ERR_IRQHandler            
000027b3  DMA_INT0_IRQHandler           
000027b3  DMA_INT1_IRQHandler           
000027b3  DMA_INT2_IRQHandler           
000027b3  DMA_INT3_IRQHandler           
000027b3  DebugMon_Handler              
000027b3  Default_Handler               
000027b3  EUSCIA0_IRQHandler            
000027b3  EUSCIA1_IRQHandler            
000027b3  EUSCIA2_IRQHandler            
000027b3  EUSCIA3_IRQHandler            
000027b3  EUSCIB0_IRQHandler            
000027b3  EUSCIB1_IRQHandler            
000027b3  EUSCIB2_IRQHandler            
000027b3  EUSCIB3_IRQHandler            
000027b3  FLCTL_IRQHandler              
000027b3  FPU_IRQHandler                
000014cb  GPIO_ADC_config1              
000027b3  HardFault_Handler             
000027b3  MemManage_Handler             
000027b3  NMI_Handler                   
000027b3  PCM_IRQHandler                
000027b3  PORT1_IRQHandler              
000027b3  PORT2_IRQHandler              
000027b3  PORT3_IRQHandler              
000027b3  PORT4_IRQHandler              
00001d09  PORT5_IRQHandler              
00001d09  PORT5_IRQHandler              
000027b3  PORT6_IRQHandler              
000027b3  PSS_IRQHandler                
000027b3  PendSV_Handler                
000027b3  RTC_C_IRQHandler              
000027a7  Reset_Handler                 
000027b3  SVC_Handler                   
000027b3  SysTick_Handler               
20000010  SystemCoreClock               
00000b35  SystemCoreClockUpdate         
00000dad  SystemInit                    
000027b3  T32_INT1_IRQHandler           
000027b3  T32_INT2_IRQHandler           
000027b3  T32_INTC_IRQHandler           
000027b3  TA0_0_IRQHandler              
000027b3  TA0_N_IRQHandler              
000022d9  TA1_0_IRQHandler              
000022d9  TA1_0_IRQHandler              
000027b3  TA1_N_IRQHandler              
000027b3  TA2_0_IRQHandler              
000027b3  TA2_N_IRQHandler              
000027b3  TA3_0_IRQHandler              
000027b3  TA3_N_IRQHandler              
00001cd9  US_echo                       
00001cb1  US_trigger                    
000027b3  UsageFault_Handler            
4000480c  WDTCTL_SYM                    
000027b3  WDT_A_IRQHandler              
20010000  __STACK_END                   
00000200  __STACK_SIZE                  
000028f8  __TI_CINIT_Base               
00002908  __TI_CINIT_Limit              
000028d8  __TI_Handler_Table_Base       
000028e4  __TI_Handler_Table_Limit      
000025cd  __TI_auto_init_nobinit_nopinit
0000236f  __TI_decompress_lzss          
00002799  __TI_decompress_none          
00002493  __TI_ltoa                     
ffffffff  __TI_pprof_out_hndl           
000000e5  __TI_printfi                  
ffffffff  __TI_prof_data_size           
ffffffff  __TI_prof_data_start          
00000000  __TI_static_base__            
000026f3  __TI_zero_init_nomemset       
00002105  __aeabi_cdcmpeq               
00002105  __aeabi_cdcmple               
0000218b  __aeabi_cdrcmple              
00002585  __aeabi_d2iz                  
000012b3  __aeabi_dadd                  
00001705  __aeabi_ddiv                  
00001b91  __aeabi_dmul                  
000012a9  __aeabi_dsub                  
000027c1  __aeabi_errno_addr            
000026c5  __aeabi_i2d                   
00000b33  __aeabi_idiv0                 
00000b33  __aeabi_ldiv0                 
00002211  __aeabi_memclr                
00002211  __aeabi_memclr4               
00002211  __aeabi_memclr8               
00001fd3  __aeabi_memcpy                
00001fd3  __aeabi_memcpy4               
00001fd3  __aeabi_memcpy8               
00002213  __aeabi_memset                
00002213  __aeabi_memset4               
00002213  __aeabi_memset8               
0000206f  __aeabi_uldivmod              
ffffffff  __binit__                     
ffffffff  __c_args__                    
UNDEFED   __mpu_init                    
2000fe00  __stack                       
20000000  __start___llvm_prf_cnts       
20000000  __stop___llvm_prf_cnts        
00002691  _c_int00_noargs               
000027d0  _ctypes_                      
UNDEFED   _system_post_cinit            
000027c9  _system_pre_init              
000027cd  abort                         
00002539  atoi                          
ffffffff  binit                         
00001da5  config_GPIO                   
000022b9  config_TA1                    
00001e59  config_UART                   
0000272b  copysign                      
0000272b  copysignl                     
20000004  distance                      
2000000c  errno                         
000023d9  frexp                         
000023d9  frexpl                        
00001e1d  gpio_interrput                
00000000  interruptVectors              
00001a81  ldexp                         
00001a81  ldexpl                        
00001985  main                          
0000270f  memccpy                       
00001fd3  memcpy                        
00002219  memset                        
20000000  miliseconds                   
20000014  p_distance                    
00001a81  scalbn                        
00001a81  scalbnl                       
20000008  sensor                        
00002611  sprintf                       
20000018  state                         
0000275d  strchr                        
00002773  strlen                        
00001eb9  uart_out                      
00002787  wcslen                        


GLOBAL SYMBOLS: SORTED BY Symbol Address 

address   name                          
-------   ----                          
00000000  __TI_static_base__            
00000000  interruptVectors              
000000e5  __TI_printfi                  
00000200  __STACK_SIZE                  
00000b33  __aeabi_idiv0                 
00000b33  __aeabi_ldiv0                 
00000b35  SystemCoreClockUpdate         
00000dad  SystemInit                    
000012a9  __aeabi_dsub                  
000012b3  __aeabi_dadd                  
0000148d  ADC_config2                   
000014cb  GPIO_ADC_config1              
00001531  ADC_NVIC_setup                
0000153b  ADC_run                       
00001547  ADC14_IRQHandler              
00001547  ADC14_IRQHandler              
00001705  __aeabi_ddiv                  
00001985  main                          
00001a81  ldexp                         
00001a81  ldexpl                        
00001a81  scalbn                        
00001a81  scalbnl                       
00001b91  __aeabi_dmul                  
00001cb1  US_trigger                    
00001cd9  US_echo                       
00001d09  PORT5_IRQHandler              
00001d09  PORT5_IRQHandler              
00001da5  config_GPIO                   
00001e1d  gpio_interrput                
00001e59  config_UART                   
00001eb9  uart_out                      
00001fd3  __aeabi_memcpy                
00001fd3  __aeabi_memcpy4               
00001fd3  __aeabi_memcpy8               
00001fd3  memcpy                        
0000206f  __aeabi_uldivmod              
00002105  __aeabi_cdcmpeq               
00002105  __aeabi_cdcmple               
0000218b  __aeabi_cdrcmple              
00002211  __aeabi_memclr                
00002211  __aeabi_memclr4               
00002211  __aeabi_memclr8               
00002213  __aeabi_memset                
00002213  __aeabi_memset4               
00002213  __aeabi_memset8               
00002219  memset                        
000022b9  config_TA1                    
000022d9  TA1_0_IRQHandler              
000022d9  TA1_0_IRQHandler              
0000236f  __TI_decompress_lzss          
000023d9  frexp                         
000023d9  frexpl                        
00002493  __TI_ltoa                     
00002539  atoi                          
00002585  __aeabi_d2iz                  
000025cd  __TI_auto_init_nobinit_nopinit
00002611  sprintf                       
00002691  _c_int00_noargs               
000026c5  __aeabi_i2d                   
000026f3  __TI_zero_init_nomemset       
0000270f  memccpy                       
0000272b  copysign                      
0000272b  copysignl                     
0000275d  strchr                        
00002773  strlen                        
00002787  wcslen                        
00002799  __TI_decompress_none          
000027a7  Reset_Handler                 
000027b3  AES256_IRQHandler             
000027b3  BusFault_Handler              
000027b3  COMP_E0_IRQHandler            
000027b3  COMP_E1_IRQHandler            
000027b3  CS_IRQHandler                 
000027b3  DMA_ERR_IRQHandler            
000027b3  DMA_INT0_IRQHandler           
000027b3  DMA_INT1_IRQHandler           
000027b3  DMA_INT2_IRQHandler           
000027b3  DMA_INT3_IRQHandler           
000027b3  DebugMon_Handler              
000027b3  Default_Handler               
000027b3  EUSCIA0_IRQHandler            
000027b3  EUSCIA1_IRQHandler            
000027b3  EUSCIA2_IRQHandler            
000027b3  EUSCIA3_IRQHandler            
000027b3  EUSCIB0_IRQHandler            
000027b3  EUSCIB1_IRQHandler            
000027b3  EUSCIB2_IRQHandler            
000027b3  EUSCIB3_IRQHandler            
000027b3  FLCTL_IRQHandler              
000027b3  FPU_IRQHandler                
000027b3  HardFault_Handler             
000027b3  MemManage_Handler             
000027b3  NMI_Handler                   
000027b3  PCM_IRQHandler                
000027b3  PORT1_IRQHandler              
000027b3  PORT2_IRQHandler              
000027b3  PORT3_IRQHandler              
000027b3  PORT4_IRQHandler              
000027b3  PORT6_IRQHandler              
000027b3  PSS_IRQHandler                
000027b3  PendSV_Handler                
000027b3  RTC_C_IRQHandler              
000027b3  SVC_Handler                   
000027b3  SysTick_Handler               
000027b3  T32_INT1_IRQHandler           
000027b3  T32_INT2_IRQHandler           
000027b3  T32_INTC_IRQHandler           
000027b3  TA0_0_IRQHandler              
000027b3  TA0_N_IRQHandler              
000027b3  TA1_N_IRQHandler              
000027b3  TA2_0_IRQHandler              
000027b3  TA2_N_IRQHandler              
000027b3  TA3_0_IRQHandler              
000027b3  TA3_N_IRQHandler              
000027b3  UsageFault_Handler            
000027b3  WDT_A_IRQHandler              
000027c1  __aeabi_errno_addr            
000027c9  _system_pre_init              
000027cd  C$$EXIT                       
000027cd  abort                         
000027d0  _ctypes_                      
000028d8  __TI_Handler_Table_Base       
000028e4  __TI_Handler_Table_Limit      
000028f8  __TI_CINIT_Base               
00002908  __TI_CINIT_Limit              
20000000  __start___llvm_prf_cnts       
20000000  __stop___llvm_prf_cnts        
20000000  miliseconds                   
20000004  distance                      
20000008  sensor                        
2000000c  errno                         
20000010  SystemCoreClock               
20000014  p_distance                    
20000018  state                         
2000fe00  __stack                       
20010000  __STACK_END                   
4000480c  WDTCTL_SYM                    
ffffffff  __TI_pprof_out_hndl           
ffffffff  __TI_prof_data_size           
ffffffff  __TI_prof_data_start          
ffffffff  __binit__                     
ffffffff  __c_args__                    
ffffffff  binit                         
UNDEFED   __mpu_init                    
UNDEFED   _system_post_cinit            

[145 symbols]
