******************************************************************************
                  TI ARM Linker PC v20.2.3                     
******************************************************************************
>> Linked Wed Nov 18 11:46:50 2020

OUTPUT FILE NAME:   <Final Full implementation - Team1.out>
ENTRY POINT SYMBOL: "_c_int00_noargs"  address: 00002689


MEMORY CONFIGURATION

         name            origin    length      used     unused   attr    fill
----------------------  --------  ---------  --------  --------  ----  --------
  MAIN                  00000000   00040000  000028f9  0003d707  R  X
  INFO                  00200000   00004000  00000000  00004000  R  X
  SRAM_CODE             01000000   00010000  0000021c  0000fde4  RW X
  SRAM_DATA             20000000   00010000  0000021c  0000fde4  RW  


SEGMENT ALLOCATION MAP

run origin  load origin   length   init length attrs members
----------  ----------- ---------- ----------- ----- -------
00000000    00000000    00002900   00002900    r-x
  00000000    00000000    000000e4   000000e4    r-- .intvecs
  000000e4    000000e4    000026e4   000026e4    r-x .text
  000027c8    000027c8    00000101   00000101    r-- .const
  000028d0    000028d0    00000030   00000030    r-- .cinit
20000000    20000000    0000001c   00000000    rw-
  20000000    20000000    00000014   00000000    rw- .data
  20000014    20000014    00000008   00000000    rw- .bss
2000fe00    2000fe00    00000200   00000000    rw-
  2000fe00    2000fe00    00000200   00000000    rw- .stack


SECTION ALLOCATION MAP

 output                                  attributes/
section   page    origin      length       input sections
--------  ----  ----------  ----------   ----------------
.intvecs   0    00000000    000000e4     
                  00000000    000000e4     startup_msp432p401r_ccs.obj (.intvecs:retain)

.text      0    000000e4    000026e4     
                  000000e4    00000a4e     rtsv7M4_T_le_v4SPD16_eabi.lib : _printfi.c.obj (.text:__TI_printfi)
                  00000b32    00000002                                   : div0.asm.obj (.text)
                  00000b34    00000334     system_msp432p401r.obj (.text)
                  00000e68    00000270     rtsv7M4_T_le_v4SPD16_eabi.lib : _printfi.c.obj (.text:_pconv_a)
                  000010d8    000001d0                                   : _printfi.c.obj (.text:_pconv_g)
                  000012a8    000001b6                                   : fd_add_t2.asm.obj (.text)
                  0000145e    00000002     --HOLE-- [fill = 0]
                  00001460    00000168     potentiometer.obj (.text)
                  000015c8    0000013c     rtsv7M4_T_le_v4SPD16_eabi.lib : _printfi.c.obj (.text:_pconv_e)
                  00001704    00000136                                   : fd_div_t2.asm.obj (.text)
                  0000183a    00000002     --HOLE-- [fill = 0]
                  0000183c    00000124                                   : _printfi.c.obj (.text:fcvt)
                  00001960    00000120     main.obj (.text)
                  00001a80    00000110     rtsv7M4_T_le_v4SPD16_eabi.lib : s_scalbn.c.obj (.text:scalbn)
                  00001b90    000000fc                                   : fd_mul_t2.asm.obj (.text)
                  00001c8c    000000e4     US.obj (.text)
                  00001d70    000000e0     GPIO.obj (.text)
                  00001e50    000000c8     UART.obj (.text)
                  00001f18    000000b1     rtsv7M4_T_le_v4SPD16_eabi.lib : _printfi.c.obj (.text:_ltostr)
                  00001fc9    00000001     --HOLE-- [fill = 0]
                  00001fca    0000009c                                   : memcpy_t2.asm.obj (.text)
                  00002066    00000096                                   : ull_div_t2.asm.obj (.text)
                  000020fc    00000086                                   : fd_cmp_t2.asm.obj (.text:__aeabi_cdcmple)
                  00002182    00000086                                   : fd_cmp_t2.asm.obj (.text:__aeabi_cdrcmple)
                  00002208    0000007a                                   : memset_t2.asm.obj (.text)
                  00002282    00000002     --HOLE-- [fill = 0]
                  00002284    00000074     TimerA0.obj (.text)
                  000022f8    0000006e     rtsv7M4_T_le_v4SPD16_eabi.lib : _printfi.c.obj (.text:_mcpy)
                  00002366    00000068                                   : copy_decompress_lzss.c.obj (.text:decompress:lzss:__TI_decompress_lzss)
                  000023ce    00000002     --HOLE-- [fill = 0]
                  000023d0    00000064                                   : s_frexp.c.obj (.text:frexp)
                  00002434    00000056                                   : _printfi.c.obj (.text:_pconv_f)
                  0000248a    00000054                                   : _ltoa.c.obj (.text:__TI_ltoa)
                  000024de    00000052                                   : _printfi.c.obj (.text:_ecpy)
                  00002530    0000004c                                   : atoi.c.obj (.text:atoi)
                  0000257c    00000048                                   : fd_toi_t2.asm.obj (.text)
                  000025c4    00000044                                   : autoinit.c.obj (.text:__TI_auto_init_nobinit_nopinit:__TI_auto_init_nobinit_nopinit)
                  00002608    00000040                                   : sprintf.c.obj (.text:sprintf)
                  00002648    0000003e                                   : _printfi.c.obj (.text:_fcpy)
                  00002686    00000002     --HOLE-- [fill = 0]
                  00002688    00000034                                   : boot_cortex_m.c.obj (.text:_c_int00_noargs:_c_int00_noargs)
                  000026bc    0000002e                                   : i_tofd_t2.asm.obj (.text)
                  000026ea    0000001c                                   : copy_zero_init.c.obj (.text:decompress:ZI:__TI_zero_init_nomemset:__TI_zero_init_nomemset)
                  00002706    0000001c                                   : memccpy.c.obj (.text:memccpy)
                  00002722    0000001a                                   : s_copysign.c.obj (.text:copysign)
                  0000273c    00000018                                   : sprintf.c.obj (.text:_outs)
                  00002754    00000016                                   : strchr.c.obj (.text:strchr)
                  0000276a    00000014                                   : strlen.c.obj (.text:strlen)
                  0000277e    00000012                                   : wcslen.c.obj (.text:wcslen)
                  00002790    0000000e                                   : copy_decompress_none.c.obj (.text:decompress:none:__TI_decompress_none)
                  0000279e    0000000e     startup_msp432p401r_ccs.obj (.text)
                  000027ac    0000000a     rtsv7M4_T_le_v4SPD16_eabi.lib : sprintf.c.obj (.text:_outc)
                  000027b6    00000002     --HOLE-- [fill = 0]
                  000027b8    00000008                                   : errno.c.obj (.text:__aeabi_errno_addr)
                  000027c0    00000004                                   : pre_init.c.obj (.text:_system_pre_init)
                  000027c4    00000004                                   : exit.c.obj (.text:abort:abort)

.const     0    000027c8    00000101     
                  000027c8    00000101     rtsv7M4_T_le_v4SPD16_eabi.lib : ctype.c.obj (.const:.string:_ctypes_)

.cinit     0    000028d0    00000030     
                  000028d0    0000000c     (__TI_handler_table)
                  000028dc    0000000b     (.cinit..data.load) [load image, compression = lzss]
                  000028e7    00000001     --HOLE-- [fill = 0]
                  000028e8    00000008     (.cinit..bss.load) [load image, compression = zero_init]
                  000028f0    00000010     (__TI_cinit_table)

.init_array 
*          0    00000000    00000000     UNINITIALIZED

.binit     0    00000000    00000000     

.data      0    20000000    00000014     UNINITIALIZED
                  20000000    0000000c     main.obj (.data)
                  2000000c    00000004     rtsv7M4_T_le_v4SPD16_eabi.lib : errno.c.obj (.data)
                  20000010    00000004     system_msp432p401r.obj (.data)

.bss       0    20000014    00000008     UNINITIALIZED
                  20000014    00000004     (.common:p_distance)
                  20000018    00000004     (.common:state)

.stack     0    2000fe00    00000200     UNINITIALIZED
                  2000fe00    00000004     rtsv7M4_T_le_v4SPD16_eabi.lib : boot_cortex_m.c.obj (.stack)
                  2000fe04    000001fc     --HOLE--

__llvm_prf_cnts 
*          0    20000000    00000000     UNINITIALIZED

MODULE SUMMARY

       Module                        code   ro data   rw data
       ------                        ----   -------   -------
    .\
       system_msp432p401r.obj        820    0         8      
       potentiometer.obj             360    0         0      
       main.obj                      288    0         40     
       startup_msp432p401r_ccs.obj   14     228       0      
       US.obj                        228    0         0      
       GPIO.obj                      224    0         0      
       UART.obj                      200    0         0      
       TimerA0.obj                   116    0         0      
    +--+-----------------------------+------+---------+---------+
       Total:                        2250   228       48     
                                                             
    C:\ti\ccs1010\ccs\tools\compiler\ti-cgt-arm_20.2.3.LTS\lib\rtsv7M4_T_le_v4SPD16_eabi.lib
       _printfi.c.obj                4851   0         0      
       fd_add_t2.asm.obj             438    0         0      
       fd_div_t2.asm.obj             310    0         0      
       s_scalbn.c.obj                272    0         0      
       fd_cmp_t2.asm.obj             268    0         0      
       ctype.c.obj                   0      257       0      
       fd_mul_t2.asm.obj             252    0         0      
       memcpy_t2.asm.obj             156    0         0      
       ull_div_t2.asm.obj            150    0         0      
       memset_t2.asm.obj             122    0         0      
       copy_decompress_lzss.c.obj    104    0         0      
       s_frexp.c.obj                 100    0         0      
       sprintf.c.obj                 98     0         0      
       _ltoa.c.obj                   84     0         0      
       atoi.c.obj                    76     0         0      
       fd_toi_t2.asm.obj             72     0         0      
       autoinit.c.obj                68     0         0      
       boot_cortex_m.c.obj           52     0         0      
       i_tofd_t2.asm.obj             46     0         0      
       copy_zero_init.c.obj          28     0         0      
       memccpy.c.obj                 28     0         0      
       s_copysign.c.obj              26     0         0      
       strchr.c.obj                  22     0         0      
       strlen.c.obj                  20     0         0      
       wcslen.c.obj                  18     0         0      
       errno.c.obj                   8      0         8      
       copy_decompress_none.c.obj    14     0         0      
       exit.c.obj                    4      0         0      
       pre_init.c.obj                4      0         0      
       div0.asm.obj                  2      0         0      
    +--+-----------------------------+------+---------+---------+
       Total:                        7693   257       8      
                                                             
       Stack:                        0      0         1024   
       Linker Generated:             0      47        0      
    +--+-----------------------------+------+---------+---------+
       Grand Total:                  9943   532       1080   


LINKER GENERATED COPY TABLES

__TI_cinit_table @ 000028f0 records: 2, size/record: 8, table size: 16
	.data: load addr=000028dc, load size=0000000b bytes, run addr=20000000, run size=00000014 bytes, compression=lzss
	.bss: load addr=000028e8, load size=00000008 bytes, run addr=20000014, run size=00000008 bytes, compression=zero_init


LINKER GENERATED HANDLER TABLE

__TI_handler_table @ 000028d0 records: 3, size/record: 4, table size: 12
	index: 0, handler: __TI_decompress_lzss
	index: 1, handler: __TI_decompress_none
	index: 2, handler: __TI_zero_init


GLOBAL SYMBOLS: SORTED ALPHABETICALLY BY Name 

address   name                          
-------   ----                          
00001547  ADC14_IRQHandler              
00001547  ADC14_IRQHandler              
00001531  ADC_NVIC_setup                
0000148d  ADC_config2                   
0000153b  ADC_run                       
000027ab  AES256_IRQHandler             
000027ab  BusFault_Handler              
000027c5  C$$EXIT                       
000027ab  COMP_E0_IRQHandler            
000027ab  COMP_E1_IRQHandler            
000027ab  CS_IRQHandler                 
000027ab  DMA_ERR_IRQHandler            
000027ab  DMA_INT0_IRQHandler           
000027ab  DMA_INT1_IRQHandler           
000027ab  DMA_INT2_IRQHandler           
000027ab  DMA_INT3_IRQHandler           
000027ab  DebugMon_Handler              
000027ab  Default_Handler               
000027ab  EUSCIA0_IRQHandler            
000027ab  EUSCIA1_IRQHandler            
000027ab  EUSCIA2_IRQHandler            
000027ab  EUSCIA3_IRQHandler            
000027ab  EUSCIB0_IRQHandler            
000027ab  EUSCIB1_IRQHandler            
000027ab  EUSCIB2_IRQHandler            
000027ab  EUSCIB3_IRQHandler            
000027ab  FLCTL_IRQHandler              
000027ab  FPU_IRQHandler                
000014cb  GPIO_ADC_config1              
000027ab  HardFault_Handler             
000027ab  MemManage_Handler             
000027ab  NMI_Handler                   
000027ab  PCM_IRQHandler                
000027ab  PORT1_IRQHandler              
000027ab  PORT2_IRQHandler              
000027ab  PORT3_IRQHandler              
000027ab  PORT4_IRQHandler              
00001d03  PORT5_IRQHandler              
00001d03  PORT5_IRQHandler              
000027ab  PORT6_IRQHandler              
000027ab  PSS_IRQHandler                
000027ab  PendSV_Handler                
000027ab  RTC_C_IRQHandler              
0000279f  Reset_Handler                 
000027ab  SVC_Handler                   
000027ab  SysTick_Handler               
20000010  SystemCoreClock               
00000b35  SystemCoreClockUpdate         
00000dad  SystemInit                    
000027ab  T32_INT1_IRQHandler           
000027ab  T32_INT2_IRQHandler           
000027ab  T32_INTC_IRQHandler           
000022d3  TA0_0_IRQHandler              
000022d3  TA0_0_IRQHandler              
000027ab  TA0_N_IRQHandler              
000027ab  TA1_0_IRQHandler              
000027ab  TA1_N_IRQHandler              
000027ab  TA2_0_IRQHandler              
000027ab  TA2_N_IRQHandler              
000027ab  TA3_0_IRQHandler              
000027ab  TA3_N_IRQHandler              
00001cd9  US_echo                       
00001cb1  US_trigger                    
000027ab  UsageFault_Handler            
4000480c  WDTCTL_SYM                    
000027ab  WDT_A_IRQHandler              
20010000  __STACK_END                   
00000200  __STACK_SIZE                  
000028f0  __TI_CINIT_Base               
00002900  __TI_CINIT_Limit              
000028d0  __TI_Handler_Table_Base       
000028dc  __TI_Handler_Table_Limit      
000025c5  __TI_auto_init_nobinit_nopinit
00002367  __TI_decompress_lzss          
00002791  __TI_decompress_none          
0000248b  __TI_ltoa                     
ffffffff  __TI_pprof_out_hndl           
000000e5  __TI_printfi                  
ffffffff  __TI_prof_data_size           
ffffffff  __TI_prof_data_start          
00000000  __TI_static_base__            
000026eb  __TI_zero_init_nomemset       
000020fd  __aeabi_cdcmpeq               
000020fd  __aeabi_cdcmple               
00002183  __aeabi_cdrcmple              
0000257d  __aeabi_d2iz                  
000012b3  __aeabi_dadd                  
00001705  __aeabi_ddiv                  
00001b91  __aeabi_dmul                  
000012a9  __aeabi_dsub                  
000027b9  __aeabi_errno_addr            
000026bd  __aeabi_i2d                   
00000b33  __aeabi_idiv0                 
00000b33  __aeabi_ldiv0                 
00002209  __aeabi_memclr                
00002209  __aeabi_memclr4               
00002209  __aeabi_memclr8               
00001fcb  __aeabi_memcpy                
00001fcb  __aeabi_memcpy4               
00001fcb  __aeabi_memcpy8               
0000220b  __aeabi_memset                
0000220b  __aeabi_memset4               
0000220b  __aeabi_memset8               
00002067  __aeabi_uldivmod              
ffffffff  __binit__                     
ffffffff  __c_args__                    
UNDEFED   __mpu_init                    
2000fe00  __stack                       
20000000  __start___llvm_prf_cnts       
20000000  __stop___llvm_prf_cnts        
00002689  _c_int00_noargs               
000027c8  _ctypes_                      
UNDEFED   _system_post_cinit            
000027c1  _system_pre_init              
000027c5  abort                         
00002531  atoi                          
ffffffff  binit                         
00001d9d  config_GPIO                   
000022b1  config_TA0                    
00001e51  config_UART                   
00002723  copysign                      
00002723  copysignl                     
20000004  distance                      
2000000c  errno                         
000023d1  frexp                         
000023d1  frexpl                        
00001e15  gpio_interrput                
00000000  interruptVectors              
00001a81  ldexp                         
00001a81  ldexpl                        
00001985  main                          
00002707  memccpy                       
00001fcb  memcpy                        
00002211  memset                        
20000000  miliseconds                   
20000014  p_distance                    
00001a81  scalbn                        
00001a81  scalbnl                       
20000008  sensor                        
00002609  sprintf                       
20000018  state                         
00002755  strchr                        
0000276b  strlen                        
00001eb1  uart_out                      
0000277f  wcslen                        


GLOBAL SYMBOLS: SORTED BY Symbol Address 

address   name                          
-------   ----                          
00000000  __TI_static_base__            
00000000  interruptVectors              
000000e5  __TI_printfi                  
00000200  __STACK_SIZE                  
00000b33  __aeabi_idiv0                 
00000b33  __aeabi_ldiv0                 
00000b35  SystemCoreClockUpdate         
00000dad  SystemInit                    
000012a9  __aeabi_dsub                  
000012b3  __aeabi_dadd                  
0000148d  ADC_config2                   
000014cb  GPIO_ADC_config1              
00001531  ADC_NVIC_setup                
0000153b  ADC_run                       
00001547  ADC14_IRQHandler              
00001547  ADC14_IRQHandler              
00001705  __aeabi_ddiv                  
00001985  main                          
00001a81  ldexp                         
00001a81  ldexpl                        
00001a81  scalbn                        
00001a81  scalbnl                       
00001b91  __aeabi_dmul                  
00001cb1  US_trigger                    
00001cd9  US_echo                       
00001d03  PORT5_IRQHandler              
00001d03  PORT5_IRQHandler              
00001d9d  config_GPIO                   
00001e15  gpio_interrput                
00001e51  config_UART                   
00001eb1  uart_out                      
00001fcb  __aeabi_memcpy                
00001fcb  __aeabi_memcpy4               
00001fcb  __aeabi_memcpy8               
00001fcb  memcpy                        
00002067  __aeabi_uldivmod              
000020fd  __aeabi_cdcmpeq               
000020fd  __aeabi_cdcmple               
00002183  __aeabi_cdrcmple              
00002209  __aeabi_memclr                
00002209  __aeabi_memclr4               
00002209  __aeabi_memclr8               
0000220b  __aeabi_memset                
0000220b  __aeabi_memset4               
0000220b  __aeabi_memset8               
00002211  memset                        
000022b1  config_TA0                    
000022d3  TA0_0_IRQHandler              
000022d3  TA0_0_IRQHandler              
00002367  __TI_decompress_lzss          
000023d1  frexp                         
000023d1  frexpl                        
0000248b  __TI_ltoa                     
00002531  atoi                          
0000257d  __aeabi_d2iz                  
000025c5  __TI_auto_init_nobinit_nopinit
00002609  sprintf                       
00002689  _c_int00_noargs               
000026bd  __aeabi_i2d                   
000026eb  __TI_zero_init_nomemset       
00002707  memccpy                       
00002723  copysign                      
00002723  copysignl                     
00002755  strchr                        
0000276b  strlen                        
0000277f  wcslen                        
00002791  __TI_decompress_none          
0000279f  Reset_Handler                 
000027ab  AES256_IRQHandler             
000027ab  BusFault_Handler              
000027ab  COMP_E0_IRQHandler            
000027ab  COMP_E1_IRQHandler            
000027ab  CS_IRQHandler                 
000027ab  DMA_ERR_IRQHandler            
000027ab  DMA_INT0_IRQHandler           
000027ab  DMA_INT1_IRQHandler           
000027ab  DMA_INT2_IRQHandler           
000027ab  DMA_INT3_IRQHandler           
000027ab  DebugMon_Handler              
000027ab  Default_Handler               
000027ab  EUSCIA0_IRQHandler            
000027ab  EUSCIA1_IRQHandler            
000027ab  EUSCIA2_IRQHandler            
000027ab  EUSCIA3_IRQHandler            
000027ab  EUSCIB0_IRQHandler            
000027ab  EUSCIB1_IRQHandler            
000027ab  EUSCIB2_IRQHandler            
000027ab  EUSCIB3_IRQHandler            
000027ab  FLCTL_IRQHandler              
000027ab  FPU_IRQHandler                
000027ab  HardFault_Handler             
000027ab  MemManage_Handler             
000027ab  NMI_Handler                   
000027ab  PCM_IRQHandler                
000027ab  PORT1_IRQHandler              
000027ab  PORT2_IRQHandler              
000027ab  PORT3_IRQHandler              
000027ab  PORT4_IRQHandler              
000027ab  PORT6_IRQHandler              
000027ab  PSS_IRQHandler                
000027ab  PendSV_Handler                
000027ab  RTC_C_IRQHandler              
000027ab  SVC_Handler                   
000027ab  SysTick_Handler               
000027ab  T32_INT1_IRQHandler           
000027ab  T32_INT2_IRQHandler           
000027ab  T32_INTC_IRQHandler           
000027ab  TA0_N_IRQHandler              
000027ab  TA1_0_IRQHandler              
000027ab  TA1_N_IRQHandler              
000027ab  TA2_0_IRQHandler              
000027ab  TA2_N_IRQHandler              
000027ab  TA3_0_IRQHandler              
000027ab  TA3_N_IRQHandler              
000027ab  UsageFault_Handler            
000027ab  WDT_A_IRQHandler              
000027b9  __aeabi_errno_addr            
000027c1  _system_pre_init              
000027c5  C$$EXIT                       
000027c5  abort                         
000027c8  _ctypes_                      
000028d0  __TI_Handler_Table_Base       
000028dc  __TI_Handler_Table_Limit      
000028f0  __TI_CINIT_Base               
00002900  __TI_CINIT_Limit              
20000000  __start___llvm_prf_cnts       
20000000  __stop___llvm_prf_cnts        
20000000  miliseconds                   
20000004  distance                      
20000008  sensor                        
2000000c  errno                         
20000010  SystemCoreClock               
20000014  p_distance                    
20000018  state                         
2000fe00  __stack                       
20010000  __STACK_END                   
4000480c  WDTCTL_SYM                    
ffffffff  __TI_pprof_out_hndl           
ffffffff  __TI_prof_data_size           
ffffffff  __TI_prof_data_start          
ffffffff  __binit__                     
ffffffff  __c_args__                    
ffffffff  binit                         
UNDEFED   __mpu_init                    
UNDEFED   _system_post_cinit            

[145 symbols]
